[ubicomp-cpd.com/2020.html]
[backblue.gif]
[fade.gif]
[index.html]
[ubicomp-cpd.com/css/bootstrap.min.css]
[ubicomp-cpd.com/css/style20.css]
[ubicomp-cpd.com/2018.html]
[ubicomp-cpd.com/2019.html]
[ubicomp-cpd.com/js/jquery-2.1.4.min.js]
[ubicomp-cpd.com/js/bootstrap.min.js]
[ubicomp-cpd.com/js/jquery.easing.min.js]
[ubicomp-cpd.com/js/scripts.js]
[ubicomp-cpd.com/2020.html]
[ubicomp-cpd.com/fonts/glyphicons-halflings-regular.eot]
[ubicomp-cpd.com/fonts/glyphicons-halflings-regulard41d.eot]
[ubicomp-cpd.com/fonts/glyphicons-halflings-regular.woff2]
[ubicomp-cpd.com/fonts/glyphicons-halflings-regular.woff]
[ubicomp-cpd.com/fonts/glyphicons-halflings-regular.ttf]
[ubicomp-cpd.com/fonts/glyphicons-halflings-regular.svg]
[ubicomp-cpd.com/css/bootstrap.min.css]
[ubicomp-cpd.com/img/cancun.jpg]
[ubicomp-cpd.com/img/preloader.gif]
[ubicomp-cpd.com/css/style20.css]
[ubicomp-cpd.com/2018.html]
[ubicomp-cpd.com/css/style18.css]
[ubicomp-cpd.com/2019.html]
[ubicomp-cpd.com/fonts/glyphicons-halflings-regular.html]
[ubicomp-cpd.com/fonts/glyphicons-halflings-regulard41d.html]
[ubicomp-cpd.com/fonts/glyphicons-halflings-regular-2.html]
[ubicomp-cpd.com/fonts/glyphicons-halflings-regular-3.html]
[ubicomp-cpd.com/fonts/glyphicons-halflings-regular-4.html]
[ubicomp-cpd.com/fonts/glyphicons-halflings-regular-5.html]
[ubicomp-cpd.com/css/style19.css]
[ubicomp-cpd.com/img/img-jumbotron-bg.jpg]
[ubicomp-cpd.com/css/style18.css]
[ubicomp-cpd.com/img/london.jpg]
[ubicomp-cpd.com/css/style19.css]
